
 Name                                              Monthly Qty  Unit              Monthly Cost 
                                                                                               
 google_compute_forwarding_rule.default                                                        
 ├─ Forwarding rule                                          1  hours                    $0.01 
 └─ Ingress data                                           100  GB                       $0.80 
                                                                                               
 google_compute_forwarding_rule.withoutUsage                                                   
 ├─ Forwarding rule                                          1  hours                    $0.01 
 └─ Ingress data                                Monthly cost depends on usage: $0.008 per GB   
                                                                                               
 google_compute_global_forwarding_rule.default                                                 
 ├─ Forwarding rule                                          1  hours                    $0.01 
 └─ Ingress data                                           100  GB                       $0.80 
                                                                                               
 OVERALL TOTAL                                                                           $1.63 
----------------------------------
To estimate usage-based resources use --usage-file, see https://infracost.io/usage-file