
 Name                                          Monthly Qty  Unit                  Monthly Cost 
                                                                                               
 aws_neptune_cluster.fiveDaysRetenPeriod                                                       
 ├─ Backup storage                                   1,000  GB                          $22.00 
 ├─ Storage                                            100  GB                          $11.60 
 └─ I/O                                                 10  1M request                   $2.32 
                                                                                               
 aws_neptune_cluster.oneDayRetenPeriod                                                         
 ├─ Storage                                            100  GB                          $11.60 
 └─ I/O                                                 10  1M request                   $2.32 
                                                                                               
 aws_neptune_cluster.withoutUsage                                                              
 ├─ Backup storage                        Monthly cost depends on usage: $0.022 per GB         
 ├─ Storage                               Monthly cost depends on usage: $0.12 per GB          
 └─ I/O                                   Monthly cost depends on usage: $0.23 per 1M request  
                                                                                               
 OVERALL TOTAL                                                                          $49.84 
----------------------------------
To estimate usage-based resources use --usage-file, see https://infracost.io/usage-file