
 Name                                               Monthly Qty  Unit              Monthly Cost 
                                                                                                
 aws_kinesis_analytics_application.withUsage                                                    
 └─ Processing (stream)                                      10  KPU                      $1.27 
                                                                                                
 aws_kinesis_analytics_application.withoutUsage                                                 
 └─ Processing (stream)                          Monthly cost depends on usage: $0.13 per KPU   
                                                                                                
 OVERALL TOTAL                                                                            $1.27 
----------------------------------
To estimate usage-based resources use --usage-file, see https://infracost.io/usage-file