
 Name                                             Monthly Qty  Unit    Monthly Cost 
                                                                                    
 azurerm_app_service_certificate_binding.example                                    
 └─ IP SSL certificate                                      1  months        $39.00 
                                                                                    
 PROJECT TOTAL                                                               $39.00 

----------------------------------
1 resource type wasn't estimated as it's not supported yet.
Please watch/star https://github.com/infracost/infracost as new resources are added regularly.
1 x azurerm_app_service_certificate